[INFO] Scanning for projects...
[INFO] 
[INFO] --------------< net.lab1024.sa:ioedream-consume-service >---------------
[INFO] Building IOE-DREAM Consume Service 1.0.0
[INFO]   from pom.xml
[INFO] --------------------------------[ jar ]---------------------------------
[INFO] 
[INFO] --- enforcer:3.5.0:enforce (enforce-java-maven) @ ioedream-consume-service ---
[INFO] Rule 0: org.apache.maven.enforcer.rules.version.RequireJavaVersion passed
[INFO] Rule 1: org.apache.maven.enforcer.rules.version.RequireMavenVersion passed
[INFO] 
[INFO] --- exec:3.1.1:exec (check-manager-bean-registration) @ ioedream-consume-service ---
[INFO] skipping execute as per configuration
[INFO] 
[INFO] --- jacoco:0.8.12:prepare-agent (jacoco-prepare-agent) @ ioedream-consume-service ---
[INFO] argLine set to -javaagent:C:\\Users\\10201\\.m2\\repository\\org\\jacoco\\org.jacoco.agent\\0.8.12\\org.jacoco.agent-0.8.12-runtime.jar=destfile=D:\\IOE-DREAM\\microservices\\ioedream-consume-service\\target\\jacoco.exec,excludes=**/entity/**:**/domain/vo/**:**/domain/form/**:**/config/**:**/constant/**:**/enum/**:**/exception/**:**/dto/**:**/*Application.class:**/*Configuration.class
[INFO] 
[INFO] --- resources:3.3.1:resources (default-resources) @ ioedream-consume-service ---
[INFO] Copying 9 resources from src\main\resources to target\classes
[INFO] Copying 2 resources from src\main\resources to target\classes
[INFO] 
[INFO] --- compiler:3.13.0:compile (default-compile) @ ioedream-consume-service ---
[INFO] Recompiling the module because of changed source code.
[INFO] Compiling 209 source files with javac [debug release 17] to target\classes
[WARNING] /D:/IOE-DREAM/microservices/ioedream-consume-service/src/main/java/net/lab1024/sa/consume/service/impl/DefaultFixedAmountCalculator.java:[23,1] Field 'log' already exists.
[WARNING] /D:/IOE-DREAM/microservices/ioedream-consume-service/src/main/java/net/lab1024/sa/consume/config/CacheConfiguration.java:[34,1] Field 'log' already exists.
[WARNING] /D:/IOE-DREAM/microservices/ioedream-consume-service/src/main/java/net/lab1024/sa/consume/controller/AccountController.java:[58,1] Field 'log' already exists.
[WARNING] /D:/IOE-DREAM/microservices/ioedream-consume-service/src/main/java/net/lab1024/sa/consume/strategy/ConsumeAmountCalculatorFactory.java:[20,1] Field 'log' already exists.
[WARNING] /D:/IOE-DREAM/microservices/ioedream-consume-service/src/main/java/net/lab1024/sa/consume/config/ManagerConfiguration.java:[49,1] Field 'log' already exists.
[WARNING] /D:/IOE-DREAM/microservices/ioedream-consume-service/src/main/java/net/lab1024/sa/consume/manager/MobileConsumeStatisticsManager.java:[40,1] Field 'log' already exists.
[INFO] ------------------------------------------------------------------------
[INFO] BUILD SUCCESS
[INFO] ------------------------------------------------------------------------
[INFO] Total time:  22.399 s
[INFO] Finished at: 2025-12-20T00:11:42+08:00
[INFO] ------------------------------------------------------------------------
