[INFO] Scanning for projects...
[INFO] ------------------------------------------------------------------------
[INFO] Reactor Build Order:
[INFO] 
[INFO] ioedream-microservices-parent                                      [pom]
[INFO] IOE-DREAM Common Core                                              [jar]
[INFO] IOE-DREAM Common Security Module                                   [jar]
[INFO] IOE-DREAM Common Data Module                                       [jar]
[INFO] IOE-DREAM Common Cache Module                                      [jar]
[INFO] IOE-DREAM Common Export Module                                     [jar]
[INFO] IOE-DREAM Common Workflow Module                                   [jar]
[INFO] IOE-DREAM Common Business Module                                   [jar]
[INFO] IOE-DREAM Common Monitor Module                                    [jar]
[INFO] IOE-DREAM Common Module                                            [jar]
[INFO] IOE-DREAM Common Permission                                        [jar]
[INFO] ioedream-db-init                                                   [jar]
[INFO] IOE-DREAM Gateway Service                                          [jar]
[INFO] IOE-DREAM Common Service                                           [jar]
[INFO] IOE-DREAM Device Communication Service                             [jar]
[INFO] IOE-DREAM OA Service                                               [jar]
[INFO] IOE-DREAM Access Service                                           [jar]
[INFO] IOE-DREAM Attendance Service                                       [jar]
[INFO] IOE-DREAM Video Service                                            [jar]
[INFO] IOE-DREAM Consume Service                                          [jar]
[INFO] IOE-DREAM Visitor Service                                          [jar]
[INFO] ioedream-database-service                                          [jar]
[INFO] 
[INFO] ------------< net.lab1024.sa:ioedream-microservices-parent >------------
[INFO] Building ioedream-microservices-parent 1.0.0                      [1/22]
[INFO]   from pom.xml
[INFO] --------------------------------[ pom ]---------------------------------
[INFO] 
[INFO] --- enforcer:3.5.0:enforce (enforce-java-maven) @ ioedream-microservices-parent ---
[INFO] Rule 0: org.apache.maven.enforcer.rules.version.RequireJavaVersion passed
[INFO] Rule 1: org.apache.maven.enforcer.rules.version.RequireMavenVersion passed
[INFO] 
[INFO] --- exec:3.1.1:exec (check-manager-bean-registration) @ ioedream-microservices-parent ---
[INFO] skipping execute as per configuration
[INFO] 
[INFO] --- jacoco:0.8.12:prepare-agent (jacoco-prepare-agent) @ ioedream-microservices-parent ---
[INFO] argLine set to -javaagent:C:\\Users\\10201\\.m2\\repository\\org\\jacoco\\org.jacoco.agent\\0.8.12\\org.jacoco.agent-0.8.12-runtime.jar=destfile=D:\\IOE-DREAM\\microservices\\target\\jacoco.exec,excludes=**/entity/**:**/domain/vo/**:**/domain/form/**:**/config/**:**/constant/**:**/enum/**:**/exception/**:**/dto/**:**/*Application.class:**/*Configuration.class
[INFO] 
[INFO] --------------< net.lab1024.sa:microservices-common-core >--------------
[INFO] Building IOE-DREAM Common Core 1.0.0                              [2/22]
[INFO]   from microservices-common-core\pom.xml
[INFO] --------------------------------[ jar ]---------------------------------
[INFO] 
[INFO] --- enforcer:3.5.0:enforce (enforce-java-maven) @ microservices-common-core ---
[INFO] 
[INFO] --- exec:3.1.1:exec (check-manager-bean-registration) @ microservices-common-core ---
[INFO] skipping execute as per configuration
[INFO] 
[INFO] --- jacoco:0.8.12:prepare-agent (jacoco-prepare-agent) @ microservices-common-core ---
[INFO] argLine set to -javaagent:C:\\Users\\10201\\.m2\\repository\\org\\jacoco\\org.jacoco.agent\\0.8.12\\org.jacoco.agent-0.8.12-runtime.jar=destfile=D:\\IOE-DREAM\\microservices\\microservices-common-core\\target\\jacoco.exec,excludes=**/entity/**:**/domain/vo/**:**/domain/form/**:**/config/**:**/constant/**:**/enum/**:**/exception/**:**/dto/**:**/*Application.class:**/*Configuration.class
[INFO] 
[INFO] --- resources:3.3.1:resources (default-resources) @ microservices-common-core ---
[INFO] skip non existing resourceDirectory D:\IOE-DREAM\microservices\microservices-common-core\src\main\resources
[INFO] skip non existing resourceDirectory D:\IOE-DREAM\microservices\microservices-common-core\src\main\resources
[INFO] 
[INFO] --- compiler:3.13.0:compile (default-compile) @ microservices-common-core ---
[INFO] Nothing to compile - all classes are up to date.
[INFO] 
[INFO] ------------< net.lab1024.sa:microservices-common-security >------------
[INFO] Building IOE-DREAM Common Security Module 1.0.0                   [3/22]
[INFO]   from microservices-common-security\pom.xml
[INFO] --------------------------------[ jar ]---------------------------------
[INFO] 
[INFO] --- enforcer:3.5.0:enforce (enforce-java-maven) @ microservices-common-security ---
[INFO] 
[INFO] --- exec:3.1.1:exec (check-manager-bean-registration) @ microservices-common-security ---
[INFO] skipping execute as per configuration
[INFO] 
[INFO] --- jacoco:0.8.12:prepare-agent (jacoco-prepare-agent) @ microservices-common-security ---
[INFO] argLine set to -javaagent:C:\\Users\\10201\\.m2\\repository\\org\\jacoco\\org.jacoco.agent\\0.8.12\\org.jacoco.agent-0.8.12-runtime.jar=destfile=D:\\IOE-DREAM\\microservices\\microservices-common-security\\target\\jacoco.exec,excludes=**/entity/**:**/domain/vo/**:**/domain/form/**:**/config/**:**/constant/**:**/enum/**:**/exception/**:**/dto/**:**/*Application.class:**/*Configuration.class
[INFO] 
[INFO] --- resources:3.3.1:resources (default-resources) @ microservices-common-security ---
[INFO] skip non existing resourceDirectory D:\IOE-DREAM\microservices\microservices-common-security\src\main\resources
[INFO] skip non existing resourceDirectory D:\IOE-DREAM\microservices\microservices-common-security\src\main\resources
[INFO] 
[INFO] --- compiler:3.13.0:compile (default-compile) @ microservices-common-security ---
[INFO] Nothing to compile - all classes are up to date.
[INFO] 
[INFO] --------------< net.lab1024.sa:microservices-common-data >--------------
[INFO] Building IOE-DREAM Common Data Module 1.0.0                       [4/22]
[INFO]   from microservices-common-data\pom.xml
[INFO] --------------------------------[ jar ]---------------------------------
[INFO] 
[INFO] --- enforcer:3.5.0:enforce (enforce-java-maven) @ microservices-common-data ---
[INFO] 
[INFO] --- exec:3.1.1:exec (check-manager-bean-registration) @ microservices-common-data ---
[INFO] skipping execute as per configuration
[INFO] 
[INFO] --- jacoco:0.8.12:prepare-agent (jacoco-prepare-agent) @ microservices-common-data ---
[INFO] argLine set to -javaagent:C:\\Users\\10201\\.m2\\repository\\org\\jacoco\\org.jacoco.agent\\0.8.12\\org.jacoco.agent-0.8.12-runtime.jar=destfile=D:\\IOE-DREAM\\microservices\\microservices-common-data\\target\\jacoco.exec,excludes=**/entity/**:**/domain/vo/**:**/domain/form/**:**/config/**:**/constant/**:**/enum/**:**/exception/**:**/dto/**:**/*Application.class:**/*Configuration.class
[INFO] 
[INFO] --- resources:3.3.1:resources (default-resources) @ microservices-common-data ---
[INFO] skip non existing resourceDirectory D:\IOE-DREAM\microservices\microservices-common-data\src\main\resources
[INFO] skip non existing resourceDirectory D:\IOE-DREAM\microservices\microservices-common-data\src\main\resources
[INFO] 
[INFO] --- compiler:3.13.0:compile (default-compile) @ microservices-common-data ---
[INFO] Nothing to compile - all classes are up to date.
[INFO] 
[INFO] -------------< net.lab1024.sa:microservices-common-cache >--------------
[INFO] Building IOE-DREAM Common Cache Module 1.0.0                      [5/22]
[INFO]   from microservices-common-cache\pom.xml
[INFO] --------------------------------[ jar ]---------------------------------
[INFO] 
[INFO] --- enforcer:3.5.0:enforce (enforce-java-maven) @ microservices-common-cache ---
[INFO] 
[INFO] --- exec:3.1.1:exec (check-manager-bean-registration) @ microservices-common-cache ---
[INFO] skipping execute as per configuration
[INFO] 
[INFO] --- jacoco:0.8.12:prepare-agent (jacoco-prepare-agent) @ microservices-common-cache ---
[INFO] argLine set to -javaagent:C:\\Users\\10201\\.m2\\repository\\org\\jacoco\\org.jacoco.agent\\0.8.12\\org.jacoco.agent-0.8.12-runtime.jar=destfile=D:\\IOE-DREAM\\microservices\\microservices-common-cache\\target\\jacoco.exec,excludes=**/entity/**:**/domain/vo/**:**/domain/form/**:**/config/**:**/constant/**:**/enum/**:**/exception/**:**/dto/**:**/*Application.class:**/*Configuration.class
[INFO] 
[INFO] --- resources:3.3.1:resources (default-resources) @ microservices-common-cache ---
[INFO] skip non existing resourceDirectory D:\IOE-DREAM\microservices\microservices-common-cache\src\main\resources
[INFO] skip non existing resourceDirectory D:\IOE-DREAM\microservices\microservices-common-cache\src\main\resources
[INFO] 
[INFO] --- compiler:3.13.0:compile (default-compile) @ microservices-common-cache ---
[INFO] Nothing to compile - all classes are up to date.
[INFO] 
[INFO] -------------< net.lab1024.sa:microservices-common-export >-------------
[INFO] Building IOE-DREAM Common Export Module 1.0.0                     [6/22]
[INFO]   from microservices-common-export\pom.xml
[INFO] --------------------------------[ jar ]---------------------------------
[INFO] 
[INFO] --- enforcer:3.5.0:enforce (enforce-java-maven) @ microservices-common-export ---
[INFO] 
[INFO] --- exec:3.1.1:exec (check-manager-bean-registration) @ microservices-common-export ---
[INFO] skipping execute as per configuration
[INFO] 
[INFO] --- jacoco:0.8.12:prepare-agent (jacoco-prepare-agent) @ microservices-common-export ---
[INFO] argLine set to -javaagent:C:\\Users\\10201\\.m2\\repository\\org\\jacoco\\org.jacoco.agent\\0.8.12\\org.jacoco.agent-0.8.12-runtime.jar=destfile=D:\\IOE-DREAM\\microservices\\microservices-common-export\\target\\jacoco.exec,excludes=**/entity/**:**/domain/vo/**:**/domain/form/**:**/config/**:**/constant/**:**/enum/**:**/exception/**:**/dto/**:**/*Application.class:**/*Configuration.class
[INFO] 
[INFO] --- resources:3.3.1:resources (default-resources) @ microservices-common-export ---
[INFO] skip non existing resourceDirectory D:\IOE-DREAM\microservices\microservices-common-export\src\main\resources
[INFO] skip non existing resourceDirectory D:\IOE-DREAM\microservices\microservices-common-export\src\main\resources
[INFO] 
[INFO] --- compiler:3.13.0:compile (default-compile) @ microservices-common-export ---
[INFO] Nothing to compile - all classes are up to date.
[INFO] 
[INFO] ------------< net.lab1024.sa:microservices-common-workflow >------------
[INFO] Building IOE-DREAM Common Workflow Module 1.0.0                   [7/22]
[INFO]   from microservices-common-workflow\pom.xml
[INFO] --------------------------------[ jar ]---------------------------------
[INFO] 
[INFO] --- enforcer:3.5.0:enforce (enforce-java-maven) @ microservices-common-workflow ---
[INFO] 
[INFO] --- exec:3.1.1:exec (check-manager-bean-registration) @ microservices-common-workflow ---
[INFO] skipping execute as per configuration
[INFO] 
[INFO] --- jacoco:0.8.12:prepare-agent (jacoco-prepare-agent) @ microservices-common-workflow ---
[INFO] argLine set to -javaagent:C:\\Users\\10201\\.m2\\repository\\org\\jacoco\\org.jacoco.agent\\0.8.12\\org.jacoco.agent-0.8.12-runtime.jar=destfile=D:\\IOE-DREAM\\microservices\\microservices-common-workflow\\target\\jacoco.exec,excludes=**/entity/**:**/domain/vo/**:**/domain/form/**:**/config/**:**/constant/**:**/enum/**:**/exception/**:**/dto/**:**/*Application.class:**/*Configuration.class
[INFO] 
[INFO] --- resources:3.3.1:resources (default-resources) @ microservices-common-workflow ---
[INFO] skip non existing resourceDirectory D:\IOE-DREAM\microservices\microservices-common-workflow\src\main\resources
[INFO] skip non existing resourceDirectory D:\IOE-DREAM\microservices\microservices-common-workflow\src\main\resources
[INFO] 
[INFO] --- compiler:3.13.0:compile (default-compile) @ microservices-common-workflow ---
[INFO] Nothing to compile - all classes are up to date.
[INFO] 
[INFO] ------------< net.lab1024.sa:microservices-common-business >------------
[INFO] Building IOE-DREAM Common Business Module 1.0.0                   [8/22]
[INFO]   from microservices-common-business\pom.xml
[INFO] --------------------------------[ jar ]---------------------------------
[INFO] 
[INFO] --- enforcer:3.5.0:enforce (enforce-java-maven) @ microservices-common-business ---
[INFO] 
[INFO] --- exec:3.1.1:exec (check-manager-bean-registration) @ microservices-common-business ---
[INFO] skipping execute as per configuration
[INFO] 
[INFO] --- jacoco:0.8.12:prepare-agent (jacoco-prepare-agent) @ microservices-common-business ---
[INFO] argLine set to -javaagent:C:\\Users\\10201\\.m2\\repository\\org\\jacoco\\org.jacoco.agent\\0.8.12\\org.jacoco.agent-0.8.12-runtime.jar=destfile=D:\\IOE-DREAM\\microservices\\microservices-common-business\\target\\jacoco.exec,excludes=**/entity/**:**/domain/vo/**:**/domain/form/**:**/config/**:**/constant/**:**/enum/**:**/exception/**:**/dto/**:**/*Application.class:**/*Configuration.class
[INFO] 
[INFO] --- resources:3.3.1:resources (default-resources) @ microservices-common-business ---
[INFO] Copying 0 resource from src\main\resources to target\classes
[INFO] Copying 1 resource from src\main\resources to target\classes
[INFO] 
[INFO] --- compiler:3.13.0:compile (default-compile) @ microservices-common-business ---
[INFO] Nothing to compile - all classes are up to date.
[INFO] 
[INFO] ------------< net.lab1024.sa:microservices-common-monitor >-------------
[INFO] Building IOE-DREAM Common Monitor Module 1.0.0                    [9/22]
[INFO]   from microservices-common-monitor\pom.xml
[INFO] --------------------------------[ jar ]---------------------------------
[INFO] 
[INFO] --- enforcer:3.5.0:enforce (enforce-java-maven) @ microservices-common-monitor ---
[INFO] 
[INFO] --- exec:3.1.1:exec (check-manager-bean-registration) @ microservices-common-monitor ---
[INFO] skipping execute as per configuration
[INFO] 
[INFO] --- jacoco:0.8.12:prepare-agent (jacoco-prepare-agent) @ microservices-common-monitor ---
[INFO] argLine set to -javaagent:C:\\Users\\10201\\.m2\\repository\\org\\jacoco\\org.jacoco.agent\\0.8.12\\org.jacoco.agent-0.8.12-runtime.jar=destfile=D:\\IOE-DREAM\\microservices\\microservices-common-monitor\\target\\jacoco.exec,excludes=**/entity/**:**/domain/vo/**:**/domain/form/**:**/config/**:**/constant/**:**/enum/**:**/exception/**:**/dto/**:**/*Application.class:**/*Configuration.class
[INFO] 
[INFO] --- resources:3.3.1:resources (default-resources) @ microservices-common-monitor ---
[INFO] Copying 0 resource from src\main\resources to target\classes
[INFO] Copying 1 resource from src\main\resources to target\classes
[INFO] 
[INFO] --- compiler:3.13.0:compile (default-compile) @ microservices-common-monitor ---
[INFO] Nothing to compile - all classes are up to date.
[INFO] 
[INFO] ----------------< net.lab1024.sa:microservices-common >-----------------
[INFO] Building IOE-DREAM Common Module 1.0.0                           [10/22]
[INFO]   from microservices-common\pom.xml
[INFO] --------------------------------[ jar ]---------------------------------
[INFO] 
[INFO] --- enforcer:3.5.0:enforce (enforce-java-maven) @ microservices-common ---
[INFO] 
[INFO] --- exec:3.1.1:exec (check-manager-bean-registration) @ microservices-common ---
[INFO] skipping execute as per configuration
[INFO] 
[INFO] --- jacoco:0.8.12:prepare-agent (jacoco-prepare-agent) @ microservices-common ---
[INFO] argLine set to -javaagent:C:\\Users\\10201\\.m2\\repository\\org\\jacoco\\org.jacoco.agent\\0.8.12\\org.jacoco.agent-0.8.12-runtime.jar=destfile=D:\\IOE-DREAM\\microservices\\microservices-common\\target\\jacoco.exec,excludes=**/entity/**:**/domain/vo/**:**/domain/form/**:**/config/**:**/constant/**:**/enum/**:**/exception/**:**/dto/**:**/*Application.class:**/*Configuration.class
[INFO] 
[INFO] --- resources:3.3.1:resources (default-resources) @ microservices-common ---
[INFO] Copying 2 resources from src\main\resources to target\classes
[INFO] Copying 6 resources from src\main\resources to target\classes
[INFO] 
[INFO] --- compiler:3.13.0:compile (default-compile) @ microservices-common ---
[INFO] Recompiling the module because of changed source code.
[INFO] Compiling 129 source files with javac [debug release 17] to target\classes
[INFO] /D:/IOE-DREAM/microservices/microservices-common/src/main/java/net/lab1024/sa/common/video/manager/VideoFaceManager.java: D:\IOE-DREAM\microservices\microservices-common\src\main\java\net\lab1024\sa\common\video\manager\VideoFaceManager.java使用或覆盖了已过时的 API。
[INFO] /D:/IOE-DREAM/microservices/microservices-common/src/main/java/net/lab1024/sa/common/video/manager/VideoFaceManager.java: 有关详细信息, 请使用 -Xlint:deprecation 重新编译。
[INFO] 某些消息已经过简化; 请使用 -Xdiags:verbose 重新编译以获得完整输出
[INFO] -------------------------------------------------------------
[WARNING] COMPILATION WARNING : 
[INFO] -------------------------------------------------------------
[WARNING] /D:/IOE-DREAM/microservices/microservices-common/src/main/java/net/lab1024/sa/common/cache/UnifiedCacheManager.java:[102,50] 未经检查的转换
  需要: T
  找到:    java.lang.Object
[WARNING] /D:/IOE-DREAM/microservices/microservices-common/src/main/java/net/lab1024/sa/common/cache/UnifiedCacheManager.java:[112,62] 未经检查的转换
  需要: T
  找到:    java.lang.Object
[WARNING] /D:/IOE-DREAM/microservices/microservices-common/src/main/java/net/lab1024/sa/common/openapi/service/impl/UserOpenApiServiceImpl.java:[40,19] java.lang 中的 java.lang.SecurityManager 已过时, 且标记为待删除
[INFO] 3 warnings 
[INFO] -------------------------------------------------------------
[INFO] -------------------------------------------------------------
[ERROR] COMPILATION ERROR : 
[INFO] -------------------------------------------------------------
[ERROR] /D:/IOE-DREAM/microservices/microservices-common/src/main/java/net/lab1024/sa/common/auth/util/JwtTokenUtil.java:[8,22] 程序包jakarta.crypto不存在
[ERROR] /D:/IOE-DREAM/microservices/microservices-common/src/main/java/net/lab1024/sa/common/auth/util/TotpUtil.java:[6,22] 程序包jakarta.crypto不存在
[ERROR] /D:/IOE-DREAM/microservices/microservices-common/src/main/java/net/lab1024/sa/common/auth/util/TotpUtil.java:[7,27] 程序包jakarta.crypto.spec不存在
[ERROR] /D:/IOE-DREAM/microservices/microservices-common/src/main/java/net/lab1024/sa/common/monitoring/AlertManager.java:[33,19] 找不到符号
  符号:   类 MetricsCollector
  位置: 类 net.lab1024.sa.common.monitoring.AlertManager
[ERROR] /D:/IOE-DREAM/microservices/microservices-common/src/main/java/net/lab1024/sa/common/monitoring/AlertManager.java:[56,25] 找不到符号
  符号:   类 MetricsCollector
  位置: 类 net.lab1024.sa.common.monitoring.AlertManager
[ERROR] /D:/IOE-DREAM/microservices/microservices-common/src/main/java/net/lab1024/sa/common/monitoring/AlertManager.java:[70,25] 找不到符号
  符号:   类 MetricsCollector
  位置: 类 net.lab1024.sa.common.monitoring.AlertManager
[ERROR] /D:/IOE-DREAM/microservices/microservices-common/src/main/java/net/lab1024/sa/common/monitoring/AlertManager.java:[98,25] 找不到符号
  符号:   类 MetricsCollector
  位置: 类 net.lab1024.sa.common.monitoring.AlertManager
[ERROR] /D:/IOE-DREAM/microservices/microservices-common/src/main/java/net/lab1024/sa/common/monitoring/AlertManager.java:[632,65] 程序包MetricsCollector不存在
[ERROR] /D:/IOE-DREAM/microservices/microservices-common/src/main/java/net/lab1024/sa/common/monitoring/AlertManager.java:[653,66] 程序包MetricsCollector不存在
[ERROR] /D:/IOE-DREAM/microservices/microservices-common/src/main/java/net/lab1024/sa/common/monitoring/AlertManager.java:[669,59] 程序包MetricsCollector不存在
[ERROR] /D:/IOE-DREAM/microservices/microservices-common/src/main/java/net/lab1024/sa/common/monitoring/AlertManager.java:[679,61] 程序包MetricsCollector不存在
[ERROR] /D:/IOE-DREAM/microservices/microservices-common/src/main/java/net/lab1024/sa/common/monitoring/AlertManager.java:[689,63] 程序包MetricsCollector不存在
[ERROR] /D:/IOE-DREAM/microservices/microservices-common/src/main/java/net/lab1024/sa/common/openapi/service/impl/UserOpenApiServiceImpl.java:[13,42] 程序包net.lab1024.sa.common.security.dao不存在
[ERROR] /D:/IOE-DREAM/microservices/microservices-common/src/main/java/net/lab1024/sa/common/openapi/service/impl/UserOpenApiServiceImpl.java:[15,46] 程序包net.lab1024.sa.common.security.manager不存在
[ERROR] /D:/IOE-DREAM/microservices/microservices-common/src/main/java/net/lab1024/sa/common/openapi/service/impl/UserOpenApiServiceImpl.java:[16,43] 程序包net.lab1024.sa.common.security.util不存在
[ERROR] /D:/IOE-DREAM/microservices/microservices-common/src/main/java/net/lab1024/sa/common/openapi/service/impl/UserOpenApiServiceImpl.java:[39,19] 找不到符号
  符号:   类 UserDao
  位置: 类 net.lab1024.sa.common.openapi.service.impl.UserOpenApiServiceImpl
[ERROR] /D:/IOE-DREAM/microservices/microservices-common/src/main/java/net/lab1024/sa/common/openapi/service/impl/UserOpenApiServiceImpl.java:[42,19] 找不到符号
  符号:   类 JwtTokenUtil
  位置: 类 net.lab1024.sa.common.openapi.service.impl.UserOpenApiServiceImpl
[ERROR] /D:/IOE-DREAM/microservices/microservices-common/src/main/java/net/lab1024/sa/common/organization/dao/AreaDeviceDao.java:[37,20] 找不到符号
  符号:   类 AreaEntity
  位置: 接口 net.lab1024.sa.common.organization.dao.AreaDeviceDao
[ERROR] /D:/IOE-DREAM/microservices/microservices-common/src/main/java/net/lab1024/sa/common/organization/manager/RegionalHierarchyManager.java:[7,33] 找不到符号
  符号:   类 PageResult
  位置: 程序包 net.lab1024.sa.common.dto
[ERROR] /D:/IOE-DREAM/microservices/microservices-common/src/main/java/net/lab1024/sa/common/video/dao/VideoBehaviorDao.java:[245,9] 已在接口 net.lab1024.sa.common.video.dao.VideoBehaviorDao中定义了方法 cleanOldBehaviors(java.time.LocalDateTime)
[ERROR] /D:/IOE-DREAM/microservices/microservices-common/src/main/java/net/lab1024/sa/common/video/dao/VideoBehaviorDao.java:[275,31] 已在接口 net.lab1024.sa.common.video.dao.VideoBehaviorDao中定义了方法 selectByPersonId(java.lang.Long)
[ERROR] /D:/IOE-DREAM/microservices/microservices-common/src/main/java/net/lab1024/sa/common/video/dao/VideoBehaviorDao.java:[281,9] 已在接口 net.lab1024.sa.common.video.dao.VideoBehaviorDao中定义了方法 batchUpdateProcessStatus(java.lang.String,java.lang.Integer,java.lang.Long,java.lang.String)
[ERROR] /D:/IOE-DREAM/microservices/microservices-common/src/main/java/net/lab1024/sa/common/video/dao/VideoBehaviorDao.java:[293,85] 找不到符号
  符号:   类 BigDecimal
  位置: 接口 net.lab1024.sa.common.video.dao.VideoBehaviorDao
[ERROR] /D:/IOE-DREAM/microservices/microservices-common/src/main/java/net/lab1024/sa/common/video/dao/VideoBehaviorDao.java:[311,31] 已在接口 net.lab1024.sa.common.video.dao.VideoBehaviorDao中定义了方法 countByBehaviorType()
[ERROR] /D:/IOE-DREAM/microservices/microservices-common/src/main/java/net/lab1024/sa/common/video/dao/VideoBehaviorDao.java:[317,31] 已在接口 net.lab1024.sa.common.video.dao.VideoBehaviorDao中定义了方法 countBySeverityLevel()
[ERROR] /D:/IOE-DREAM/microservices/microservices-common/src/main/java/net/lab1024/sa/common/video/dao/VideoBehaviorDao.java:[323,31] 已在接口 net.lab1024.sa.common.video.dao.VideoBehaviorDao中定义了方法 countByAlarmLevel()
[ERROR] /D:/IOE-DREAM/microservices/microservices-common/src/main/java/net/lab1024/sa/common/video/dao/VideoBehaviorDao.java:[329,31] 已在接口 net.lab1024.sa.common.video.dao.VideoBehaviorDao中定义了方法 countByProcessStatus()
[ERROR] /D:/IOE-DREAM/microservices/microservices-common/src/main/java/net/lab1024/sa/common/video/entity/VideoObjectDetectionEntity.java:[34,49] 找不到符号
  符号: 类 BaseEntity
[ERROR] /D:/IOE-DREAM/microservices/microservices-common/src/main/java/net/lab1024/sa/common/video/dao/VideoObjectDetectionDao.java:[259,38] 已在接口 net.lab1024.sa.common.video.dao.VideoObjectDetectionDao中定义了方法 selectByObjectId(java.lang.String)
[ERROR] /D:/IOE-DREAM/microservices/microservices-common/src/main/java/net/lab1024/sa/common/video/dao/VideoObjectDetectionDao.java:[265,31] 已在接口 net.lab1024.sa.common.video.dao.VideoObjectDetectionDao中定义了方法 countByObjectType()
[ERROR] /D:/IOE-DREAM/microservices/microservices-common/src/main/java/net/lab1024/sa/common/video/dao/VideoObjectDetectionDao.java:[271,31] 已在接口 net.lab1024.sa.common.video.dao.VideoObjectDetectionDao中定义了方法 countByAlertLevel()
[ERROR] /D:/IOE-DREAM/microservices/microservices-common/src/main/java/net/lab1024/sa/common/video/entity/VideoObjectTrackingEntity.java:[23,48] 找不到符号
  符号: 类 BaseEntity
[ERROR] /D:/IOE-DREAM/microservices/microservices-common/src/main/java/net/lab1024/sa/common/video/dao/VideoObjectTrackingDao.java:[247,37] 已在接口 net.lab1024.sa.common.video.dao.VideoObjectTrackingDao中定义了方法 selectByObjectId(java.lang.String)
[ERROR] /D:/IOE-DREAM/microservices/microservices-common/src/main/java/net/lab1024/sa/common/video/dao/VideoObjectTrackingDao.java:[253,31] 已在接口 net.lab1024.sa.common.video.dao.VideoObjectTrackingDao中定义了方法 countByObjectType()
[ERROR] /D:/IOE-DREAM/microservices/microservices-common/src/main/java/net/lab1024/sa/common/video/dao/VideoObjectTrackingDao.java:[259,31] 已在接口 net.lab1024.sa.common.video.dao.VideoObjectTrackingDao中定义了方法 countByTrackingStatus()
[ERROR] /D:/IOE-DREAM/microservices/microservices-common/src/main/java/net/lab1024/sa/common/visitor/entity/LogisticsReservationEntity.java:[36,49] 找不到符号
  符号: 类 BaseEntity
[ERROR] /D:/IOE-DREAM/microservices/microservices-common/src/main/java/net/lab1024/sa/common/organization/dao/AreaDeviceDao.java:[137,6] 找不到符号
  符号:   类 Update
  位置: 接口 net.lab1024.sa.common.organization.dao.AreaDeviceDao
[ERROR] /D:/IOE-DREAM/microservices/microservices-common/src/main/java/net/lab1024/sa/common/organization/dao/AreaDeviceDao.java:[149,6] 找不到符号
  符号:   类 Update
  位置: 接口 net.lab1024.sa.common.organization.dao.AreaDeviceDao
[ERROR] /D:/IOE-DREAM/microservices/microservices-common/src/main/java/net/lab1024/sa/common/organization/dao/AreaDeviceDao.java:[193,6] 找不到符号
  符号:   类 Update
  位置: 接口 net.lab1024.sa.common.organization.dao.AreaDeviceDao
[ERROR] /D:/IOE-DREAM/microservices/microservices-common/src/main/java/net/lab1024/sa/common/organization/dao/AreaDeviceDao.java:[311,6] 找不到符号
  符号:   类 Update
  位置: 接口 net.lab1024.sa.common.organization.dao.AreaDeviceDao
[ERROR] /D:/IOE-DREAM/microservices/microservices-common/src/main/java/net/lab1024/sa/common/organization/dao/AreaDeviceDao.java:[325,6] 找不到符号
  符号:   类 Update
  位置: 接口 net.lab1024.sa.common.organization.dao.AreaDeviceDao
[ERROR] /D:/IOE-DREAM/microservices/microservices-common/src/main/java/net/lab1024/sa/common/video/entity/VideoBehaviorPatternEntity.java:[40,6] 找不到符号
  符号:   类 NotBlank
  位置: 类 net.lab1024.sa.common.video.entity.VideoBehaviorPatternEntity
[ERROR] /D:/IOE-DREAM/microservices/microservices-common/src/main/java/net/lab1024/sa/common/auth/util/JwtTokenUtil.java:[95,13] 找不到符号
  符号:   变量 log
  位置: 类 net.lab1024.sa.common.auth.util.JwtTokenUtil
[ERROR] /D:/IOE-DREAM/microservices/microservices-common/src/main/java/net/lab1024/sa/common/auth/util/JwtTokenUtil.java:[102,9] 找不到符号
  符号:   变量 log
  位置: 类 net.lab1024.sa.common.auth.util.JwtTokenUtil
[ERROR] /D:/IOE-DREAM/microservices/microservices-common/src/main/java/net/lab1024/sa/common/auth/util/JwtTokenUtil.java:[170,9] 找不到符号
  符号:   类 SecretKey
  位置: 类 net.lab1024.sa.common.auth.util.JwtTokenUtil
[ERROR] /D:/IOE-DREAM/microservices/microservices-common/src/main/java/net/lab1024/sa/common/auth/util/JwtTokenUtil.java:[189,13] 找不到符号
  符号:   变量 log
  位置: 类 net.lab1024.sa.common.auth.util.JwtTokenUtil
[ERROR] /D:/IOE-DREAM/microservices/microservices-common/src/main/java/net/lab1024/sa/common/auth/util/JwtTokenUtil.java:[202,13] 找不到符号
  符号:   变量 log
  位置: 类 net.lab1024.sa.common.auth.util.JwtTokenUtil
[ERROR] /D:/IOE-DREAM/microservices/microservices-common/src/main/java/net/lab1024/sa/common/auth/util/JwtTokenUtil.java:[221,13] 找不到符号
  符号:   类 SecretKey
  位置: 类 net.lab1024.sa.common.auth.util.JwtTokenUtil
[ERROR] /D:/IOE-DREAM/microservices/microservices-common/src/main/java/net/lab1024/sa/common/auth/util/JwtTokenUtil.java:[230,13] 找不到符号
  符号:   变量 log
  位置: 类 net.lab1024.sa.common.auth.util.JwtTokenUtil
[ERROR] /D:/IOE-DREAM/microservices/microservices-common/src/main/java/net/lab1024/sa/common/auth/util/JwtTokenUtil.java:[270,13] 找不到符号
  符号:   变量 log
  位置: 类 net.lab1024.sa.common.auth.util.JwtTokenUtil
[ERROR] /D:/IOE-DREAM/microservices/microservices-common/src/main/java/net/lab1024/sa/common/auth/util/JwtTokenUtil.java:[295,13] 找不到符号
  符号:   变量 log
  位置: 类 net.lab1024.sa.common.auth.util.JwtTokenUtil
[ERROR] /D:/IOE-DREAM/microservices/microservices-common/src/main/java/net/lab1024/sa/common/auth/manager/AuthManager.java:[134,20] 找不到符号
  符号:   方法 setUserId(java.lang.Long)
  位置: 类型为net.lab1024.sa.common.auth.domain.entity.UserSessionEntity的变量 session
[ERROR] /D:/IOE-DREAM/microservices/microservices-common/src/main/java/net/lab1024/sa/common/auth/manager/AuthManager.java:[135,20] 找不到符号
  符号:   方法 setToken(java.lang.String)
  位置: 类型为net.lab1024.sa.common.auth.domain.entity.UserSessionEntity的变量 session
[ERROR] /D:/IOE-DREAM/microservices/microservices-common/src/main/java/net/lab1024/sa/common/auth/manager/AuthManager.java:[136,20] 找不到符号
  符号:   方法 setDeviceInfo(java.lang.String)
  位置: 类型为net.lab1024.sa.common.auth.domain.entity.UserSessionEntity的变量 session
[ERROR] /D:/IOE-DREAM/microservices/microservices-common/src/main/java/net/lab1024/sa/common/auth/manager/AuthManager.java:[137,20] 找不到符号
  符号:   方法 setLoginTime(java.time.LocalDateTime)
  位置: 类型为net.lab1024.sa.common.auth.domain.entity.UserSessionEntity的变量 session
[ERROR] /D:/IOE-DREAM/microservices/microservices-common/src/main/java/net/lab1024/sa/common/auth/manager/AuthManager.java:[138,20] 找不到符号
  符号:   方法 setLastAccessTime(java.time.LocalDateTime)
  位置: 类型为net.lab1024.sa.common.auth.domain.entity.UserSessionEntity的变量 session
[ERROR] /D:/IOE-DREAM/microservices/microservices-common/src/main/java/net/lab1024/sa/common/auth/manager/AuthManager.java:[139,20] 找不到符号
  符号:   方法 setExpiryTime(java.time.LocalDateTime)
  位置: 类型为net.lab1024.sa.common.auth.domain.entity.UserSessionEntity的变量 session
[ERROR] /D:/IOE-DREAM/microservices/microservices-common/src/main/java/net/lab1024/sa/common/auth/manager/AuthManager.java:[140,20] 找不到符号
  符号:   方法 setStatus(int)
  位置: 类型为net.lab1024.sa.common.auth.domain.entity.UserSessionEntity的变量 session
[ERROR] /D:/IOE-DREAM/microservices/microservices-common/src/main/java/net/lab1024/sa/common/auth/manager/AuthManager.java:[195,43] 找不到符号
  符号:   方法 getStatus()
  位置: 类型为net.lab1024.sa.common.auth.domain.entity.UserSessionEntity的变量 session
[ERROR] /D:/IOE-DREAM/microservices/microservices-common/src/main/java/net/lab1024/sa/common/auth/manager/AuthManager.java:[196,31] 找不到符号
  符号:   方法 getExpiryTime()
  位置: 类型为net.lab1024.sa.common.auth.domain.entity.UserSessionEntity的变量 session
[ERROR] /D:/IOE-DREAM/microservices/microservices-common/src/main/java/net/lab1024/sa/common/auth/manager/AuthManager.java:[426,39] 找不到符号
  符号:   方法 getToken()
  位置: 类型为net.lab1024.sa.common.auth.domain.entity.UserSessionEntity的变量 session
[ERROR] /D:/IOE-DREAM/microservices/microservices-common/src/main/java/net/lab1024/sa/common/auth/manager/UnifiedAuthenticationManager.java:[118,9] 找不到符号
  符号:   变量 log
  位置: 类 net.lab1024.sa.common.auth.manager.UnifiedAuthenticationManager
[ERROR] /D:/IOE-DREAM/microservices/microservices-common/src/main/java/net/lab1024/sa/common/auth/manager/UnifiedAuthenticationManager.java:[145,9] 找不到符号
  符号:   变量 log
  位置: 类 net.lab1024.sa.common.auth.manager.UnifiedAuthenticationManager
[ERROR] /D:/IOE-DREAM/microservices/microservices-common/src/main/java/net/lab1024/sa/common/auth/manager/UnifiedAuthenticationManager.java:[145,49] 找不到符号
  符号:   方法 getLoginName()
  位置: 类型为net.lab1024.sa.common.auth.domain.dto.LoginRequest的变量 request
[ERROR] /D:/IOE-DREAM/microservices/microservices-common/src/main/java/net/lab1024/sa/common/auth/manager/UnifiedAuthenticationManager.java:[152,77] 找不到符号
  符号:   方法 getLoginName()
  位置: 类型为net.lab1024.sa.common.auth.domain.dto.LoginRequest的变量 request
[ERROR] /D:/IOE-DREAM/microservices/microservices-common/src/main/java/net/lab1024/sa/common/auth/manager/UnifiedAuthenticationManager.java:[155,44] 找不到符号
  符号:   方法 builder()
  位置: 类 net.lab1024.sa.common.auth.domain.vo.AuthenticationResult
[ERROR] /D:/IOE-DREAM/microservices/microservices-common/src/main/java/net/lab1024/sa/common/auth/manager/UnifiedAuthenticationManager.java:[164,44] 找不到符号
  符号:   方法 builder()
  位置: 类 net.lab1024.sa.common.auth.domain.vo.AuthenticationResult
[ERROR] /D:/IOE-DREAM/microservices/microservices-common/src/main/java/net/lab1024/sa/common/auth/manager/UnifiedAuthenticationManager.java:[172,40] 找不到符号
  符号:   方法 getPassword()
  位置: 类型为net.lab1024.sa.common.auth.domain.dto.LoginRequest的变量 request
[ERROR] /D:/IOE-DREAM/microservices/microservices-common/src/main/java/net/lab1024/sa/common/auth/manager/UnifiedAuthenticationManager.java:[172,60] 找不到符号
  符号:   方法 getPassword()
  位置: 类型为net.lab1024.sa.common.security.entity.UserEntity的变量 user
[ERROR] /D:/IOE-DREAM/microservices/microservices-common/src/main/java/net/lab1024/sa/common/auth/manager/UnifiedAuthenticationManager.java:[173,44] 找不到符号
  符号:   方法 builder()
  位置: 类 net.lab1024.sa.common.auth.domain.vo.AuthenticationResult
[ERROR] /D:/IOE-DREAM/microservices/microservices-common/src/main/java/net/lab1024/sa/common/auth/manager/UnifiedAuthenticationManager.java:[182,44] 找不到符号
  符号:   方法 builder()
  位置: 类 net.lab1024.sa.common.auth.domain.vo.AuthenticationResult
[ERROR] /D:/IOE-DREAM/microservices/microservices-common/src/main/java/net/lab1024/sa/common/auth/manager/UnifiedAuthenticationManager.java:[190,70] 找不到符号
  符号:   方法 getClientIp()
  位置: 类型为net.lab1024.sa.common.auth.domain.dto.LoginRequest的变量 request
[ERROR] /D:/IOE-DREAM/microservices/microservices-common/src/main/java/net/lab1024/sa/common/auth/manager/UnifiedAuthenticationManager.java:[198,40] 找不到符号
  符号:   方法 builder()
  位置: 类 net.lab1024.sa.common.auth.domain.vo.AuthenticationResult
[ERROR] /D:/IOE-DREAM/microservices/microservices-common/src/main/java/net/lab1024/sa/common/auth/manager/UnifiedAuthenticationManager.java:[201,36] 找不到符号
  符号:   方法 getUsername()
  位置: 类型为net.lab1024.sa.common.security.entity.UserEntity的变量 user
[ERROR] /D:/IOE-DREAM/microservices/microservices-common/src/main/java/net/lab1024/sa/common/auth/manager/UnifiedAuthenticationManager.java:[202,35] 找不到符号
  符号:   方法 getRealName()
  位置: 类型为net.lab1024.sa.common.security.entity.UserEntity的变量 user
[ERROR] /D:/IOE-DREAM/microservices/microservices-common/src/main/java/net/lab1024/sa/common/auth/manager/UnifiedAuthenticationManager.java:[203,36] 找不到符号
  符号:   方法 getPhone()
  位置: 类型为net.lab1024.sa.common.security.entity.UserEntity的变量 user
[ERROR] /D:/IOE-DREAM/microservices/microservices-common/src/main/java/net/lab1024/sa/common/auth/manager/UnifiedAuthenticationManager.java:[204,36] 找不到符号
  符号:   方法 getEmail()
  位置: 类型为net.lab1024.sa.common.security.entity.UserEntity的变量 user
[ERROR] /D:/IOE-DREAM/microservices/microservices-common/src/main/java/net/lab1024/sa/common/auth/manager/UnifiedAuthenticationManager.java:[210,13] 找不到符号
  符号:   变量 log
  位置: 类 net.lab1024.sa.common.auth.manager.UnifiedAuthenticationManager
[ERROR] /D:/IOE-DREAM/microservices/microservices-common/src/main/java/net/lab1024/sa/common/auth/manager/UnifiedAuthenticationManager.java:[211,40] 找不到符号
  符号:   方法 builder()
  位置: 类 net.lab1024.sa.common.auth.domain.vo.AuthenticationResult
[ERROR] /D:/IOE-DREAM/microservices/microservices-common/src/main/java/net/lab1024/sa/common/auth/manager/UnifiedAuthenticationManager.java:[226,9] 找不到符号
  符号:   变量 log
  位置: 类 net.lab1024.sa.common.auth.manager.UnifiedAuthenticationManager
[ERROR] /D:/IOE-DREAM/microservices/microservices-common/src/main/java/net/lab1024/sa/common/auth/manager/UnifiedAuthenticationManager.java:[226,49] 找不到符号
  符号:   方法 getPhone()
  位置: 类型为net.lab1024.sa.common.auth.domain.dto.SmsLoginRequest的变量 request
[ERROR] /D:/IOE-DREAM/microservices/microservices-common/src/main/java/net/lab1024/sa/common/auth/manager/UnifiedAuthenticationManager.java:[233,73] 找不到符号
  符号:   方法 getPhone()
  位置: 类型为net.lab1024.sa.common.auth.domain.dto.SmsLoginRequest的变量 request
[ERROR] /D:/IOE-DREAM/microservices/microservices-common/src/main/java/net/lab1024/sa/common/auth/manager/UnifiedAuthenticationManager.java:[236,44] 找不到符号
  符号:   方法 builder()
  位置: 类 net.lab1024.sa.common.auth.domain.vo.AuthenticationResult
[ERROR] /D:/IOE-DREAM/microservices/microservices-common/src/main/java/net/lab1024/sa/common/auth/manager/UnifiedAuthenticationManager.java:[244,77] 找不到符号
  符号:   方法 getSmsCode()
  位置: 类型为net.lab1024.sa.common.auth.domain.dto.SmsLoginRequest的变量 request
[ERROR] /D:/IOE-DREAM/microservices/microservices-common/src/main/java/net/lab1024/sa/common/auth/manager/UnifiedAuthenticationManager.java:[245,44] 找不到符号
  符号:   方法 builder()
  位置: 类 net.lab1024.sa.common.auth.domain.vo.AuthenticationResult
[ERROR] /D:/IOE-DREAM/microservices/microservices-common/src/main/java/net/lab1024/sa/common/auth/manager/UnifiedAuthenticationManager.java:[254,44] 找不到符号
  符号:   方法 builder()
  位置: 类 net.lab1024.sa.common.auth.domain.vo.AuthenticationResult
[ERROR] /D:/IOE-DREAM/microservices/microservices-common/src/main/java/net/lab1024/sa/common/auth/manager/UnifiedAuthenticationManager.java:[267,40] 找不到符号
  符号:   方法 builder()
  位置: 类 net.lab1024.sa.common.auth.domain.vo.AuthenticationResult
[ERROR] /D:/IOE-DREAM/microservices/microservices-common/src/main/java/net/lab1024/sa/common/auth/manager/UnifiedAuthenticationManager.java:[270,36] 找不到符号
  符号:   方法 getUsername()
  位置: 类型为net.lab1024.sa.common.security.entity.UserEntity的变量 user
[ERROR] /D:/IOE-DREAM/microservices/microservices-common/src/main/java/net/lab1024/sa/common/auth/manager/UnifiedAuthenticationManager.java:[271,35] 找不到符号
  符号:   方法 getRealName()
  位置: 类型为net.lab1024.sa.common.security.entity.UserEntity的变量 user
[ERROR] /D:/IOE-DREAM/microservices/microservices-common/src/main/java/net/lab1024/sa/common/auth/manager/UnifiedAuthenticationManager.java:[272,36] 找不到符号
  符号:   方法 getPhone()
  位置: 类型为net.lab1024.sa.common.security.entity.UserEntity的变量 user
[ERROR] /D:/IOE-DREAM/microservices/microservices-common/src/main/java/net/lab1024/sa/common/auth/manager/UnifiedAuthenticationManager.java:[273,36] 找不到符号
  符号:   方法 getEmail()
  位置: 类型为net.lab1024.sa.common.security.entity.UserEntity的变量 user
[ERROR] /D:/IOE-DREAM/microservices/microservices-common/src/main/java/net/lab1024/sa/common/auth/manager/UnifiedAuthenticationManager.java:[279,13] 找不到符号
  符号:   变量 log
  位置: 类 net.lab1024.sa.common.auth.manager.UnifiedAuthenticationManager
[ERROR] /D:/IOE-DREAM/microservices/microservices-common/src/main/java/net/lab1024/sa/common/auth/manager/UnifiedAuthenticationManager.java:[280,40] 找不到符号
  符号:   方法 builder()
  位置: 类 net.lab1024.sa.common.auth.domain.vo.AuthenticationResult
[ERROR] /D:/IOE-DREAM/microservices/microservices-common/src/main/java/net/lab1024/sa/common/auth/manager/UnifiedAuthenticationManager.java:[296,9] 找不到符号
  符号:   变量 log
  位置: 类 net.lab1024.sa.common.auth.manager.UnifiedAuthenticationManager
[ERROR] /D:/IOE-DREAM/microservices/microservices-common/src/main/java/net/lab1024/sa/common/auth/manager/UnifiedAuthenticationManager.java:[296,60] 找不到符号
  符号:   方法 getUserId()
  位置: 类型为net.lab1024.sa.common.auth.domain.vo.AuthenticationResult的变量 primaryResult
[ERROR] /D:/IOE-DREAM/microservices/microservices-common/src/main/java/net/lab1024/sa/common/auth/manager/UnifiedAuthenticationManager.java:[300,30] 找不到符号
  符号:   方法 getSuccess()
  位置: 类型为net.lab1024.sa.common.auth.domain.vo.AuthenticationResult的变量 primaryResult
[ERROR] /D:/IOE-DREAM/microservices/microservices-common/src/main/java/net/lab1024/sa/common/auth/manager/UnifiedAuthenticationManager.java:[300,69] 找不到符号
  符号:   方法 getSuccess()
  位置: 类型为net.lab1024.sa.common.auth.domain.vo.AuthenticationResult的变量 primaryResult
[ERROR] /D:/IOE-DREAM/microservices/microservices-common/src/main/java/net/lab1024/sa/common/auth/manager/UnifiedAuthenticationManager.java:[305,76] 找不到符号
  符号:   方法 getUserId()
  位置: 类型为net.lab1024.sa.common.auth.domain.vo.AuthenticationResult的变量 primaryResult
[ERROR] /D:/IOE-DREAM/microservices/microservices-common/src/main/java/net/lab1024/sa/common/auth/manager/UnifiedAuthenticationManager.java:[307,44] 找不到符号
  符号:   方法 builder()
  位置: 类 net.lab1024.sa.common.auth.domain.vo.AuthenticationResult
[ERROR] /D:/IOE-DREAM/microservices/microservices-common/src/main/java/net/lab1024/sa/common/auth/manager/UnifiedAuthenticationManager.java:[327,45] 找不到符号
  符号:   方法 getPhone()
  位置: 类型为net.lab1024.sa.common.security.entity.UserEntity的变量 user
[INFO] 100 errors 
[INFO] -------------------------------------------------------------
[INFO] ------------------------------------------------------------------------
[INFO] Reactor Summary for ioedream-microservices-parent 1.0.0:
[INFO] 
[INFO] ioedream-microservices-parent ...................... SUCCESS [  0.626 s]
[INFO] IOE-DREAM Common Core .............................. SUCCESS [  0.899 s]
[INFO] IOE-DREAM Common Security Module ................... SUCCESS [  0.171 s]
[INFO] IOE-DREAM Common Data Module ....................... SUCCESS [  0.115 s]
[INFO] IOE-DREAM Common Cache Module ...................... SUCCESS [  0.163 s]
[INFO] IOE-DREAM Common Export Module ..................... SUCCESS [  0.140 s]
[INFO] IOE-DREAM Common Workflow Module ................... SUCCESS [  0.085 s]
[INFO] IOE-DREAM Common Business Module ................... SUCCESS [  0.099 s]
[INFO] IOE-DREAM Common Monitor Module .................... SUCCESS [  0.116 s]
[INFO] IOE-DREAM Common Module ............................ FAILURE [  2.893 s]
[INFO] IOE-DREAM Common Permission ........................ SKIPPED
[INFO] ioedream-db-init ................................... SKIPPED
[INFO] IOE-DREAM Gateway Service .......................... SKIPPED
[INFO] IOE-DREAM Common Service ........................... SKIPPED
[INFO] IOE-DREAM Device Communication Service ............. SKIPPED
[INFO] IOE-DREAM OA Service ............................... SKIPPED
[INFO] IOE-DREAM Access Service ........................... SKIPPED
[INFO] IOE-DREAM Attendance Service ....................... SKIPPED
[INFO] IOE-DREAM Video Service ............................ SKIPPED
[INFO] IOE-DREAM Consume Service .......................... SKIPPED
[INFO] IOE-DREAM Visitor Service .......................... SKIPPED
[INFO] ioedream-database-service .......................... SKIPPED
[INFO] ------------------------------------------------------------------------
[INFO] BUILD FAILURE
[INFO] ------------------------------------------------------------------------
[INFO] Total time:  5.742 s
[INFO] Finished at: 2025-12-17T18:33:48+08:00
[INFO] ------------------------------------------------------------------------
[ERROR] Failed to execute goal org.apache.maven.plugins:maven-compiler-plugin:3.13.0:compile (default-compile) on project microservices-common: Compilation failure: Compilation failure: 
[ERROR] /D:/IOE-DREAM/microservices/microservices-common/src/main/java/net/lab1024/sa/common/auth/util/JwtTokenUtil.java:[8,22] 程序包jakarta.crypto不存在
[ERROR] /D:/IOE-DREAM/microservices/microservices-common/src/main/java/net/lab1024/sa/common/auth/util/TotpUtil.java:[6,22] 程序包jakarta.crypto不存在
[ERROR] /D:/IOE-DREAM/microservices/microservices-common/src/main/java/net/lab1024/sa/common/auth/util/TotpUtil.java:[7,27] 程序包jakarta.crypto.spec不存在
[ERROR] /D:/IOE-DREAM/microservices/microservices-common/src/main/java/net/lab1024/sa/common/monitoring/AlertManager.java:[33,19] 找不到符号
[ERROR]   符号:   类 MetricsCollector
[ERROR]   位置: 类 net.lab1024.sa.common.monitoring.AlertManager
[ERROR] /D:/IOE-DREAM/microservices/microservices-common/src/main/java/net/lab1024/sa/common/monitoring/AlertManager.java:[56,25] 找不到符号
[ERROR]   符号:   类 MetricsCollector
[ERROR]   位置: 类 net.lab1024.sa.common.monitoring.AlertManager
[ERROR] /D:/IOE-DREAM/microservices/microservices-common/src/main/java/net/lab1024/sa/common/monitoring/AlertManager.java:[70,25] 找不到符号
[ERROR]   符号:   类 MetricsCollector
[ERROR]   位置: 类 net.lab1024.sa.common.monitoring.AlertManager
[ERROR] /D:/IOE-DREAM/microservices/microservices-common/src/main/java/net/lab1024/sa/common/monitoring/AlertManager.java:[98,25] 找不到符号
[ERROR]   符号:   类 MetricsCollector
[ERROR]   位置: 类 net.lab1024.sa.common.monitoring.AlertManager
[ERROR] /D:/IOE-DREAM/microservices/microservices-common/src/main/java/net/lab1024/sa/common/monitoring/AlertManager.java:[632,65] 程序包MetricsCollector不存在
[ERROR] /D:/IOE-DREAM/microservices/microservices-common/src/main/java/net/lab1024/sa/common/monitoring/AlertManager.java:[653,66] 程序包MetricsCollector不存在
[ERROR] /D:/IOE-DREAM/microservices/microservices-common/src/main/java/net/lab1024/sa/common/monitoring/AlertManager.java:[669,59] 程序包MetricsCollector不存在
[ERROR] /D:/IOE-DREAM/microservices/microservices-common/src/main/java/net/lab1024/sa/common/monitoring/AlertManager.java:[679,61] 程序包MetricsCollector不存在
[ERROR] /D:/IOE-DREAM/microservices/microservices-common/src/main/java/net/lab1024/sa/common/monitoring/AlertManager.java:[689,63] 程序包MetricsCollector不存在
[ERROR] /D:/IOE-DREAM/microservices/microservices-common/src/main/java/net/lab1024/sa/common/openapi/service/impl/UserOpenApiServiceImpl.java:[13,42] 程序包net.lab1024.sa.common.security.dao不存在
[ERROR] /D:/IOE-DREAM/microservices/microservices-common/src/main/java/net/lab1024/sa/common/openapi/service/impl/UserOpenApiServiceImpl.java:[15,46] 程序包net.lab1024.sa.common.security.manager不存在
[ERROR] /D:/IOE-DREAM/microservices/microservices-common/src/main/java/net/lab1024/sa/common/openapi/service/impl/UserOpenApiServiceImpl.java:[16,43] 程序包net.lab1024.sa.common.security.util不存在
[ERROR] /D:/IOE-DREAM/microservices/microservices-common/src/main/java/net/lab1024/sa/common/openapi/service/impl/UserOpenApiServiceImpl.java:[39,19] 找不到符号
[ERROR]   符号:   类 UserDao
[ERROR]   位置: 类 net.lab1024.sa.common.openapi.service.impl.UserOpenApiServiceImpl
[ERROR] /D:/IOE-DREAM/microservices/microservices-common/src/main/java/net/lab1024/sa/common/openapi/service/impl/UserOpenApiServiceImpl.java:[42,19] 找不到符号
[ERROR]   符号:   类 JwtTokenUtil
[ERROR]   位置: 类 net.lab1024.sa.common.openapi.service.impl.UserOpenApiServiceImpl
[ERROR] /D:/IOE-DREAM/microservices/microservices-common/src/main/java/net/lab1024/sa/common/organization/dao/AreaDeviceDao.java:[37,20] 找不到符号
[ERROR]   符号:   类 AreaEntity
[ERROR]   位置: 接口 net.lab1024.sa.common.organization.dao.AreaDeviceDao
[ERROR] /D:/IOE-DREAM/microservices/microservices-common/src/main/java/net/lab1024/sa/common/organization/manager/RegionalHierarchyManager.java:[7,33] 找不到符号
[ERROR]   符号:   类 PageResult
[ERROR]   位置: 程序包 net.lab1024.sa.common.dto
[ERROR] /D:/IOE-DREAM/microservices/microservices-common/src/main/java/net/lab1024/sa/common/video/dao/VideoBehaviorDao.java:[245,9] 已在接口 net.lab1024.sa.common.video.dao.VideoBehaviorDao中定义了方法 cleanOldBehaviors(java.time.LocalDateTime)
[ERROR] /D:/IOE-DREAM/microservices/microservices-common/src/main/java/net/lab1024/sa/common/video/dao/VideoBehaviorDao.java:[275,31] 已在接口 net.lab1024.sa.common.video.dao.VideoBehaviorDao中定义了方法 selectByPersonId(java.lang.Long)
[ERROR] /D:/IOE-DREAM/microservices/microservices-common/src/main/java/net/lab1024/sa/common/video/dao/VideoBehaviorDao.java:[281,9] 已在接口 net.lab1024.sa.common.video.dao.VideoBehaviorDao中定义了方法 batchUpdateProcessStatus(java.lang.String,java.lang.Integer,java.lang.Long,java.lang.String)
[ERROR] /D:/IOE-DREAM/microservices/microservices-common/src/main/java/net/lab1024/sa/common/video/dao/VideoBehaviorDao.java:[293,85] 找不到符号
[ERROR]   符号:   类 BigDecimal
[ERROR]   位置: 接口 net.lab1024.sa.common.video.dao.VideoBehaviorDao
[ERROR] /D:/IOE-DREAM/microservices/microservices-common/src/main/java/net/lab1024/sa/common/video/dao/VideoBehaviorDao.java:[311,31] 已在接口 net.lab1024.sa.common.video.dao.VideoBehaviorDao中定义了方法 countByBehaviorType()
[ERROR] /D:/IOE-DREAM/microservices/microservices-common/src/main/java/net/lab1024/sa/common/video/dao/VideoBehaviorDao.java:[317,31] 已在接口 net.lab1024.sa.common.video.dao.VideoBehaviorDao中定义了方法 countBySeverityLevel()
[ERROR] /D:/IOE-DREAM/microservices/microservices-common/src/main/java/net/lab1024/sa/common/video/dao/VideoBehaviorDao.java:[323,31] 已在接口 net.lab1024.sa.common.video.dao.VideoBehaviorDao中定义了方法 countByAlarmLevel()
[ERROR] /D:/IOE-DREAM/microservices/microservices-common/src/main/java/net/lab1024/sa/common/video/dao/VideoBehaviorDao.java:[329,31] 已在接口 net.lab1024.sa.common.video.dao.VideoBehaviorDao中定义了方法 countByProcessStatus()
[ERROR] /D:/IOE-DREAM/microservices/microservices-common/src/main/java/net/lab1024/sa/common/video/entity/VideoObjectDetectionEntity.java:[34,49] 找不到符号
[ERROR]   符号: 类 BaseEntity
[ERROR] /D:/IOE-DREAM/microservices/microservices-common/src/main/java/net/lab1024/sa/common/video/dao/VideoObjectDetectionDao.java:[259,38] 已在接口 net.lab1024.sa.common.video.dao.VideoObjectDetectionDao中定义了方法 selectByObjectId(java.lang.String)
[ERROR] /D:/IOE-DREAM/microservices/microservices-common/src/main/java/net/lab1024/sa/common/video/dao/VideoObjectDetectionDao.java:[265,31] 已在接口 net.lab1024.sa.common.video.dao.VideoObjectDetectionDao中定义了方法 countByObjectType()
[ERROR] /D:/IOE-DREAM/microservices/microservices-common/src/main/java/net/lab1024/sa/common/video/dao/VideoObjectDetectionDao.java:[271,31] 已在接口 net.lab1024.sa.common.video.dao.VideoObjectDetectionDao中定义了方法 countByAlertLevel()
[ERROR] /D:/IOE-DREAM/microservices/microservices-common/src/main/java/net/lab1024/sa/common/video/entity/VideoObjectTrackingEntity.java:[23,48] 找不到符号
[ERROR]   符号: 类 BaseEntity
[ERROR] /D:/IOE-DREAM/microservices/microservices-common/src/main/java/net/lab1024/sa/common/video/dao/VideoObjectTrackingDao.java:[247,37] 已在接口 net.lab1024.sa.common.video.dao.VideoObjectTrackingDao中定义了方法 selectByObjectId(java.lang.String)
[ERROR] /D:/IOE-DREAM/microservices/microservices-common/src/main/java/net/lab1024/sa/common/video/dao/VideoObjectTrackingDao.java:[253,31] 已在接口 net.lab1024.sa.common.video.dao.VideoObjectTrackingDao中定义了方法 countByObjectType()
[ERROR] /D:/IOE-DREAM/microservices/microservices-common/src/main/java/net/lab1024/sa/common/video/dao/VideoObjectTrackingDao.java:[259,31] 已在接口 net.lab1024.sa.common.video.dao.VideoObjectTrackingDao中定义了方法 countByTrackingStatus()
[ERROR] /D:/IOE-DREAM/microservices/microservices-common/src/main/java/net/lab1024/sa/common/visitor/entity/LogisticsReservationEntity.java:[36,49] 找不到符号
[ERROR]   符号: 类 BaseEntity
[ERROR] /D:/IOE-DREAM/microservices/microservices-common/src/main/java/net/lab1024/sa/common/organization/dao/AreaDeviceDao.java:[137,6] 找不到符号
[ERROR]   符号:   类 Update
[ERROR]   位置: 接口 net.lab1024.sa.common.organization.dao.AreaDeviceDao
[ERROR] /D:/IOE-DREAM/microservices/microservices-common/src/main/java/net/lab1024/sa/common/organization/dao/AreaDeviceDao.java:[149,6] 找不到符号
[ERROR]   符号:   类 Update
[ERROR]   位置: 接口 net.lab1024.sa.common.organization.dao.AreaDeviceDao
[ERROR] /D:/IOE-DREAM/microservices/microservices-common/src/main/java/net/lab1024/sa/common/organization/dao/AreaDeviceDao.java:[193,6] 找不到符号
[ERROR]   符号:   类 Update
[ERROR]   位置: 接口 net.lab1024.sa.common.organization.dao.AreaDeviceDao
[ERROR] /D:/IOE-DREAM/microservices/microservices-common/src/main/java/net/lab1024/sa/common/organization/dao/AreaDeviceDao.java:[311,6] 找不到符号
[ERROR]   符号:   类 Update
[ERROR]   位置: 接口 net.lab1024.sa.common.organization.dao.AreaDeviceDao
[ERROR] /D:/IOE-DREAM/microservices/microservices-common/src/main/java/net/lab1024/sa/common/organization/dao/AreaDeviceDao.java:[325,6] 找不到符号
[ERROR]   符号:   类 Update
[ERROR]   位置: 接口 net.lab1024.sa.common.organization.dao.AreaDeviceDao
[ERROR] /D:/IOE-DREAM/microservices/microservices-common/src/main/java/net/lab1024/sa/common/video/entity/VideoBehaviorPatternEntity.java:[40,6] 找不到符号
[ERROR]   符号:   类 NotBlank
[ERROR]   位置: 类 net.lab1024.sa.common.video.entity.VideoBehaviorPatternEntity
[ERROR] /D:/IOE-DREAM/microservices/microservices-common/src/main/java/net/lab1024/sa/common/auth/util/JwtTokenUtil.java:[95,13] 找不到符号
[ERROR]   符号:   变量 log
[ERROR]   位置: 类 net.lab1024.sa.common.auth.util.JwtTokenUtil
[ERROR] /D:/IOE-DREAM/microservices/microservices-common/src/main/java/net/lab1024/sa/common/auth/util/JwtTokenUtil.java:[102,9] 找不到符号
[ERROR]   符号:   变量 log
[ERROR]   位置: 类 net.lab1024.sa.common.auth.util.JwtTokenUtil
[ERROR] /D:/IOE-DREAM/microservices/microservices-common/src/main/java/net/lab1024/sa/common/auth/util/JwtTokenUtil.java:[170,9] 找不到符号
[ERROR]   符号:   类 SecretKey
[ERROR]   位置: 类 net.lab1024.sa.common.auth.util.JwtTokenUtil
[ERROR] /D:/IOE-DREAM/microservices/microservices-common/src/main/java/net/lab1024/sa/common/auth/util/JwtTokenUtil.java:[189,13] 找不到符号
[ERROR]   符号:   变量 log
[ERROR]   位置: 类 net.lab1024.sa.common.auth.util.JwtTokenUtil
[ERROR] /D:/IOE-DREAM/microservices/microservices-common/src/main/java/net/lab1024/sa/common/auth/util/JwtTokenUtil.java:[202,13] 找不到符号
[ERROR]   符号:   变量 log
[ERROR]   位置: 类 net.lab1024.sa.common.auth.util.JwtTokenUtil
[ERROR] /D:/IOE-DREAM/microservices/microservices-common/src/main/java/net/lab1024/sa/common/auth/util/JwtTokenUtil.java:[221,13] 找不到符号
[ERROR]   符号:   类 SecretKey
[ERROR]   位置: 类 net.lab1024.sa.common.auth.util.JwtTokenUtil
[ERROR] /D:/IOE-DREAM/microservices/microservices-common/src/main/java/net/lab1024/sa/common/auth/util/JwtTokenUtil.java:[230,13] 找不到符号
[ERROR]   符号:   变量 log
[ERROR]   位置: 类 net.lab1024.sa.common.auth.util.JwtTokenUtil
[ERROR] /D:/IOE-DREAM/microservices/microservices-common/src/main/java/net/lab1024/sa/common/auth/util/JwtTokenUtil.java:[270,13] 找不到符号
[ERROR]   符号:   变量 log
[ERROR]   位置: 类 net.lab1024.sa.common.auth.util.JwtTokenUtil
[ERROR] /D:/IOE-DREAM/microservices/microservices-common/src/main/java/net/lab1024/sa/common/auth/util/JwtTokenUtil.java:[295,13] 找不到符号
[ERROR]   符号:   变量 log
[ERROR]   位置: 类 net.lab1024.sa.common.auth.util.JwtTokenUtil
[ERROR] /D:/IOE-DREAM/microservices/microservices-common/src/main/java/net/lab1024/sa/common/auth/manager/AuthManager.java:[134,20] 找不到符号
[ERROR]   符号:   方法 setUserId(java.lang.Long)
[ERROR]   位置: 类型为net.lab1024.sa.common.auth.domain.entity.UserSessionEntity的变量 session
[ERROR] /D:/IOE-DREAM/microservices/microservices-common/src/main/java/net/lab1024/sa/common/auth/manager/AuthManager.java:[135,20] 找不到符号
[ERROR]   符号:   方法 setToken(java.lang.String)
[ERROR]   位置: 类型为net.lab1024.sa.common.auth.domain.entity.UserSessionEntity的变量 session
[ERROR] /D:/IOE-DREAM/microservices/microservices-common/src/main/java/net/lab1024/sa/common/auth/manager/AuthManager.java:[136,20] 找不到符号
[ERROR]   符号:   方法 setDeviceInfo(java.lang.String)
[ERROR]   位置: 类型为net.lab1024.sa.common.auth.domain.entity.UserSessionEntity的变量 session
[ERROR] /D:/IOE-DREAM/microservices/microservices-common/src/main/java/net/lab1024/sa/common/auth/manager/AuthManager.java:[137,20] 找不到符号
[ERROR]   符号:   方法 setLoginTime(java.time.LocalDateTime)
[ERROR]   位置: 类型为net.lab1024.sa.common.auth.domain.entity.UserSessionEntity的变量 session
[ERROR] /D:/IOE-DREAM/microservices/microservices-common/src/main/java/net/lab1024/sa/common/auth/manager/AuthManager.java:[138,20] 找不到符号
[ERROR]   符号:   方法 setLastAccessTime(java.time.LocalDateTime)
[ERROR]   位置: 类型为net.lab1024.sa.common.auth.domain.entity.UserSessionEntity的变量 session
[ERROR] /D:/IOE-DREAM/microservices/microservices-common/src/main/java/net/lab1024/sa/common/auth/manager/AuthManager.java:[139,20] 找不到符号
[ERROR]   符号:   方法 setExpiryTime(java.time.LocalDateTime)
[ERROR]   位置: 类型为net.lab1024.sa.common.auth.domain.entity.UserSessionEntity的变量 session
[ERROR] /D:/IOE-DREAM/microservices/microservices-common/src/main/java/net/lab1024/sa/common/auth/manager/AuthManager.java:[140,20] 找不到符号
[ERROR]   符号:   方法 setStatus(int)
[ERROR]   位置: 类型为net.lab1024.sa.common.auth.domain.entity.UserSessionEntity的变量 session
[ERROR] /D:/IOE-DREAM/microservices/microservices-common/src/main/java/net/lab1024/sa/common/auth/manager/AuthManager.java:[195,43] 找不到符号
[ERROR]   符号:   方法 getStatus()
[ERROR]   位置: 类型为net.lab1024.sa.common.auth.domain.entity.UserSessionEntity的变量 session
[ERROR] /D:/IOE-DREAM/microservices/microservices-common/src/main/java/net/lab1024/sa/common/auth/manager/AuthManager.java:[196,31] 找不到符号
[ERROR]   符号:   方法 getExpiryTime()
[ERROR]   位置: 类型为net.lab1024.sa.common.auth.domain.entity.UserSessionEntity的变量 session
[ERROR] /D:/IOE-DREAM/microservices/microservices-common/src/main/java/net/lab1024/sa/common/auth/manager/AuthManager.java:[426,39] 找不到符号
[ERROR]   符号:   方法 getToken()
[ERROR]   位置: 类型为net.lab1024.sa.common.auth.domain.entity.UserSessionEntity的变量 session
[ERROR] /D:/IOE-DREAM/microservices/microservices-common/src/main/java/net/lab1024/sa/common/auth/manager/UnifiedAuthenticationManager.java:[118,9] 找不到符号
[ERROR]   符号:   变量 log
[ERROR]   位置: 类 net.lab1024.sa.common.auth.manager.UnifiedAuthenticationManager
[ERROR] /D:/IOE-DREAM/microservices/microservices-common/src/main/java/net/lab1024/sa/common/auth/manager/UnifiedAuthenticationManager.java:[145,9] 找不到符号
[ERROR]   符号:   变量 log
[ERROR]   位置: 类 net.lab1024.sa.common.auth.manager.UnifiedAuthenticationManager
[ERROR] /D:/IOE-DREAM/microservices/microservices-common/src/main/java/net/lab1024/sa/common/auth/manager/UnifiedAuthenticationManager.java:[145,49] 找不到符号
[ERROR]   符号:   方法 getLoginName()
[ERROR]   位置: 类型为net.lab1024.sa.common.auth.domain.dto.LoginRequest的变量 request
[ERROR] /D:/IOE-DREAM/microservices/microservices-common/src/main/java/net/lab1024/sa/common/auth/manager/UnifiedAuthenticationManager.java:[152,77] 找不到符号
[ERROR]   符号:   方法 getLoginName()
[ERROR]   位置: 类型为net.lab1024.sa.common.auth.domain.dto.LoginRequest的变量 request
[ERROR] /D:/IOE-DREAM/microservices/microservices-common/src/main/java/net/lab1024/sa/common/auth/manager/UnifiedAuthenticationManager.java:[155,44] 找不到符号
[ERROR]   符号:   方法 builder()
[ERROR]   位置: 类 net.lab1024.sa.common.auth.domain.vo.AuthenticationResult
[ERROR] /D:/IOE-DREAM/microservices/microservices-common/src/main/java/net/lab1024/sa/common/auth/manager/UnifiedAuthenticationManager.java:[164,44] 找不到符号
[ERROR]   符号:   方法 builder()
[ERROR]   位置: 类 net.lab1024.sa.common.auth.domain.vo.AuthenticationResult
[ERROR] /D:/IOE-DREAM/microservices/microservices-common/src/main/java/net/lab1024/sa/common/auth/manager/UnifiedAuthenticationManager.java:[172,40] 找不到符号
[ERROR]   符号:   方法 getPassword()
[ERROR]   位置: 类型为net.lab1024.sa.common.auth.domain.dto.LoginRequest的变量 request
[ERROR] /D:/IOE-DREAM/microservices/microservices-common/src/main/java/net/lab1024/sa/common/auth/manager/UnifiedAuthenticationManager.java:[172,60] 找不到符号
[ERROR]   符号:   方法 getPassword()
[ERROR]   位置: 类型为net.lab1024.sa.common.security.entity.UserEntity的变量 user
[ERROR] /D:/IOE-DREAM/microservices/microservices-common/src/main/java/net/lab1024/sa/common/auth/manager/UnifiedAuthenticationManager.java:[173,44] 找不到符号
[ERROR]   符号:   方法 builder()
[ERROR]   位置: 类 net.lab1024.sa.common.auth.domain.vo.AuthenticationResult
[ERROR] /D:/IOE-DREAM/microservices/microservices-common/src/main/java/net/lab1024/sa/common/auth/manager/UnifiedAuthenticationManager.java:[182,44] 找不到符号
[ERROR]   符号:   方法 builder()
[ERROR]   位置: 类 net.lab1024.sa.common.auth.domain.vo.AuthenticationResult
[ERROR] /D:/IOE-DREAM/microservices/microservices-common/src/main/java/net/lab1024/sa/common/auth/manager/UnifiedAuthenticationManager.java:[190,70] 找不到符号
[ERROR]   符号:   方法 getClientIp()
[ERROR]   位置: 类型为net.lab1024.sa.common.auth.domain.dto.LoginRequest的变量 request
[ERROR] /D:/IOE-DREAM/microservices/microservices-common/src/main/java/net/lab1024/sa/common/auth/manager/UnifiedAuthenticationManager.java:[198,40] 找不到符号
[ERROR]   符号:   方法 builder()
[ERROR]   位置: 类 net.lab1024.sa.common.auth.domain.vo.AuthenticationResult
[ERROR] /D:/IOE-DREAM/microservices/microservices-common/src/main/java/net/lab1024/sa/common/auth/manager/UnifiedAuthenticationManager.java:[201,36] 找不到符号
[ERROR]   符号:   方法 getUsername()
[ERROR]   位置: 类型为net.lab1024.sa.common.security.entity.UserEntity的变量 user
[ERROR] /D:/IOE-DREAM/microservices/microservices-common/src/main/java/net/lab1024/sa/common/auth/manager/UnifiedAuthenticationManager.java:[202,35] 找不到符号
[ERROR]   符号:   方法 getRealName()
[ERROR]   位置: 类型为net.lab1024.sa.common.security.entity.UserEntity的变量 user
[ERROR] /D:/IOE-DREAM/microservices/microservices-common/src/main/java/net/lab1024/sa/common/auth/manager/UnifiedAuthenticationManager.java:[203,36] 找不到符号
[ERROR]   符号:   方法 getPhone()
[ERROR]   位置: 类型为net.lab1024.sa.common.security.entity.UserEntity的变量 user
[ERROR] /D:/IOE-DREAM/microservices/microservices-common/src/main/java/net/lab1024/sa/common/auth/manager/UnifiedAuthenticationManager.java:[204,36] 找不到符号
[ERROR]   符号:   方法 getEmail()
[ERROR]   位置: 类型为net.lab1024.sa.common.security.entity.UserEntity的变量 user
[ERROR] /D:/IOE-DREAM/microservices/microservices-common/src/main/java/net/lab1024/sa/common/auth/manager/UnifiedAuthenticationManager.java:[210,13] 找不到符号
[ERROR]   符号:   变量 log
[ERROR]   位置: 类 net.lab1024.sa.common.auth.manager.UnifiedAuthenticationManager
[ERROR] /D:/IOE-DREAM/microservices/microservices-common/src/main/java/net/lab1024/sa/common/auth/manager/UnifiedAuthenticationManager.java:[211,40] 找不到符号
[ERROR]   符号:   方法 builder()
[ERROR]   位置: 类 net.lab1024.sa.common.auth.domain.vo.AuthenticationResult
[ERROR] /D:/IOE-DREAM/microservices/microservices-common/src/main/java/net/lab1024/sa/common/auth/manager/UnifiedAuthenticationManager.java:[226,9] 找不到符号
[ERROR]   符号:   变量 log
[ERROR]   位置: 类 net.lab1024.sa.common.auth.manager.UnifiedAuthenticationManager
[ERROR] /D:/IOE-DREAM/microservices/microservices-common/src/main/java/net/lab1024/sa/common/auth/manager/UnifiedAuthenticationManager.java:[226,49] 找不到符号
[ERROR]   符号:   方法 getPhone()
[ERROR]   位置: 类型为net.lab1024.sa.common.auth.domain.dto.SmsLoginRequest的变量 request
[ERROR] /D:/IOE-DREAM/microservices/microservices-common/src/main/java/net/lab1024/sa/common/auth/manager/UnifiedAuthenticationManager.java:[233,73] 找不到符号
[ERROR]   符号:   方法 getPhone()
[ERROR]   位置: 类型为net.lab1024.sa.common.auth.domain.dto.SmsLoginRequest的变量 request
[ERROR] /D:/IOE-DREAM/microservices/microservices-common/src/main/java/net/lab1024/sa/common/auth/manager/UnifiedAuthenticationManager.java:[236,44] 找不到符号
[ERROR]   符号:   方法 builder()
[ERROR]   位置: 类 net.lab1024.sa.common.auth.domain.vo.AuthenticationResult
[ERROR] /D:/IOE-DREAM/microservices/microservices-common/src/main/java/net/lab1024/sa/common/auth/manager/UnifiedAuthenticationManager.java:[244,77] 找不到符号
[ERROR]   符号:   方法 getSmsCode()
[ERROR]   位置: 类型为net.lab1024.sa.common.auth.domain.dto.SmsLoginRequest的变量 request
[ERROR] /D:/IOE-DREAM/microservices/microservices-common/src/main/java/net/lab1024/sa/common/auth/manager/UnifiedAuthenticationManager.java:[245,44] 找不到符号
[ERROR]   符号:   方法 builder()
[ERROR]   位置: 类 net.lab1024.sa.common.auth.domain.vo.AuthenticationResult
[ERROR] /D:/IOE-DREAM/microservices/microservices-common/src/main/java/net/lab1024/sa/common/auth/manager/UnifiedAuthenticationManager.java:[254,44] 找不到符号
[ERROR]   符号:   方法 builder()
[ERROR]   位置: 类 net.lab1024.sa.common.auth.domain.vo.AuthenticationResult
[ERROR] /D:/IOE-DREAM/microservices/microservices-common/src/main/java/net/lab1024/sa/common/auth/manager/UnifiedAuthenticationManager.java:[267,40] 找不到符号
[ERROR]   符号:   方法 builder()
[ERROR]   位置: 类 net.lab1024.sa.common.auth.domain.vo.AuthenticationResult
[ERROR] /D:/IOE-DREAM/microservices/microservices-common/src/main/java/net/lab1024/sa/common/auth/manager/UnifiedAuthenticationManager.java:[270,36] 找不到符号
[ERROR]   符号:   方法 getUsername()
[ERROR]   位置: 类型为net.lab1024.sa.common.security.entity.UserEntity的变量 user
[ERROR] /D:/IOE-DREAM/microservices/microservices-common/src/main/java/net/lab1024/sa/common/auth/manager/UnifiedAuthenticationManager.java:[271,35] 找不到符号
[ERROR]   符号:   方法 getRealName()
[ERROR]   位置: 类型为net.lab1024.sa.common.security.entity.UserEntity的变量 user
[ERROR] /D:/IOE-DREAM/microservices/microservices-common/src/main/java/net/lab1024/sa/common/auth/manager/UnifiedAuthenticationManager.java:[272,36] 找不到符号
[ERROR]   符号:   方法 getPhone()
[ERROR]   位置: 类型为net.lab1024.sa.common.security.entity.UserEntity的变量 user
[ERROR] /D:/IOE-DREAM/microservices/microservices-common/src/main/java/net/lab1024/sa/common/auth/manager/UnifiedAuthenticationManager.java:[273,36] 找不到符号
[ERROR]   符号:   方法 getEmail()
[ERROR]   位置: 类型为net.lab1024.sa.common.security.entity.UserEntity的变量 user
[ERROR] /D:/IOE-DREAM/microservices/microservices-common/src/main/java/net/lab1024/sa/common/auth/manager/UnifiedAuthenticationManager.java:[279,13] 找不到符号
[ERROR]   符号:   变量 log
[ERROR]   位置: 类 net.lab1024.sa.common.auth.manager.UnifiedAuthenticationManager
[ERROR] /D:/IOE-DREAM/microservices/microservices-common/src/main/java/net/lab1024/sa/common/auth/manager/UnifiedAuthenticationManager.java:[280,40] 找不到符号
[ERROR]   符号:   方法 builder()
[ERROR]   位置: 类 net.lab1024.sa.common.auth.domain.vo.AuthenticationResult
[ERROR] /D:/IOE-DREAM/microservices/microservices-common/src/main/java/net/lab1024/sa/common/auth/manager/UnifiedAuthenticationManager.java:[296,9] 找不到符号
[ERROR]   符号:   变量 log
[ERROR]   位置: 类 net.lab1024.sa.common.auth.manager.UnifiedAuthenticationManager
[ERROR] /D:/IOE-DREAM/microservices/microservices-common/src/main/java/net/lab1024/sa/common/auth/manager/UnifiedAuthenticationManager.java:[296,60] 找不到符号
[ERROR]   符号:   方法 getUserId()
[ERROR]   位置: 类型为net.lab1024.sa.common.auth.domain.vo.AuthenticationResult的变量 primaryResult
[ERROR] /D:/IOE-DREAM/microservices/microservices-common/src/main/java/net/lab1024/sa/common/auth/manager/UnifiedAuthenticationManager.java:[300,30] 找不到符号
[ERROR]   符号:   方法 getSuccess()
[ERROR]   位置: 类型为net.lab1024.sa.common.auth.domain.vo.AuthenticationResult的变量 primaryResult
[ERROR] /D:/IOE-DREAM/microservices/microservices-common/src/main/java/net/lab1024/sa/common/auth/manager/UnifiedAuthenticationManager.java:[300,69] 找不到符号
[ERROR]   符号:   方法 getSuccess()
[ERROR]   位置: 类型为net.lab1024.sa.common.auth.domain.vo.AuthenticationResult的变量 primaryResult
[ERROR] /D:/IOE-DREAM/microservices/microservices-common/src/main/java/net/lab1024/sa/common/auth/manager/UnifiedAuthenticationManager.java:[305,76] 找不到符号
[ERROR]   符号:   方法 getUserId()
[ERROR]   位置: 类型为net.lab1024.sa.common.auth.domain.vo.AuthenticationResult的变量 primaryResult
[ERROR] /D:/IOE-DREAM/microservices/microservices-common/src/main/java/net/lab1024/sa/common/auth/manager/UnifiedAuthenticationManager.java:[307,44] 找不到符号
[ERROR]   符号:   方法 builder()
[ERROR]   位置: 类 net.lab1024.sa.common.auth.domain.vo.AuthenticationResult
[ERROR] /D:/IOE-DREAM/microservices/microservices-common/src/main/java/net/lab1024/sa/common/auth/manager/UnifiedAuthenticationManager.java:[327,45] 找不到符号
[ERROR]   符号:   方法 getPhone()
[ERROR]   位置: 类型为net.lab1024.sa.common.security.entity.UserEntity的变量 user
[ERROR] -> [Help 1]
[ERROR] 
[ERROR] To see the full stack trace of the errors, re-run Maven with the -e switch.
[ERROR] Re-run Maven using the -X switch to enable full debug logging.
[ERROR] 
[ERROR] For more information about the errors and possible solutions, please read the following articles:
[ERROR] [Help 1] http://cwiki.apache.org/confluence/display/MAVEN/MojoFailureException
[ERROR] 
[ERROR] After correcting the problems, you can resume the build with the command
[ERROR]   mvn <args> -rf :microservices-common
